eeschema (2012-jan-04)-stable  >> Creation date: Mon 04 Jun 2012 08:00:39 PM CEST

#Cmp ( order = Reference )
| 20k1       20k         
| C1         1µ         
| C2         100n        
| C3         1000n       
| C4         1000n       
| C14        1µ         
| C15        6n8         
| C16        440n        
| C17        1µ         
| C18        6n8         
| C19        440n        
| C21        10µ ceramic
| C22        1n5         
| C23        4n7         
| C24        4n7         
| C25        1µ         
| C26        1µ         
| D1         LED         
| D2         LED         
| J2         SMA         
| J3         SMA         
| J4         SMA         
| J5         SMA         
| J6         SMA         
| L1         INDUCTOR    
| L2         INDUCTOR    
| P1         CONN_4      
| P3         CONN_4      
| P5         CONN_1      
| P6         CONN_1      
| P7         CONN_1      
| P8         CONN_1      
| P9         CONN_1      
| P11        CONN_1      
| P12        CONN_1      
| P13        CONN_1      
| P14        CONN_1      
| R1         20k         
| R2         20k         
| R3         20k         
| R4         R           
| R5         20k         
| R6         R           
| R7         R           
| R8         R           
| R35        20k         
| R36        1M          
| R37        2k2         
| R39        1M          
| R40        10k         
| R43        20k         
| R44        1M          
| R45        2k2         
| R47        1M          
| R48        10k         
| R49        20k         
| R54        1M          
| R56        20k         
| R57        20k         
| R58        20k         
| R59        20k         
| RV5        10k         
| RV6        10k         
| SHIELD1    ARDUINO_SHIELD
| U1         TL071       
| U4         INA155      
| U5         INA155      
| U10        CA3140      
| U12        CA3140      
| U13        ADS1291/2   
#End Cmp

#Cmp ( order = Value )
| 1000n        C3        
| 1000n        C4        
| 100n         C2        
| 10k          R40       
| 10k          R48       
| 10k          RV5       
| 10k          RV6       
| 10µ ceramic C21       
| 1M           R36       
| 1M           R39       
| 1M           R44       
| 1M           R47       
| 1M           R54       
| 1n5          C22       
| 1µ          C1        
| 1µ          C14       
| 1µ          C17       
| 1µ          C25       
| 1µ          C26       
| 20k          20k1      
| 20k          R1        
| 20k          R2        
| 20k          R3        
| 20k          R5        
| 20k          R35       
| 20k          R43       
| 20k          R49       
| 20k          R56       
| 20k          R57       
| 20k          R58       
| 20k          R59       
| 2k2          R37       
| 2k2          R45       
| 440n         C16       
| 440n         C19       
| 4n7          C23       
| 4n7          C24       
| 6n8          C15       
| 6n8          C18       
| ADS1291/2    U13       
| ARDUINO_SHIELD SHIELD1   
| CA3140       U10       
| CA3140       U12       
| CONN_1       P5        
| CONN_1       P6        
| CONN_1       P7        
| CONN_1       P8        
| CONN_1       P9        
| CONN_1       P11       
| CONN_1       P12       
| CONN_1       P13       
| CONN_1       P14       
| CONN_4       P1        
| CONN_4       P3        
| INA155       U4        
| INA155       U5        
| INDUCTOR     L1        
| INDUCTOR     L2        
| LED          D1        
| LED          D2        
| R            R4        
| R            R6        
| R            R7        
| R            R8        
| SMA          J2        
| SMA          J3        
| SMA          J4        
| SMA          J5        
| SMA          J6        
| TL071        U1        
#End Cmp

#End List
